BL51 BANKED LINKER/LOCATER V2.10                                                          05/15/98  13:41:55  PAGE 1


MS-DOS BL51 BANKED LINKER/LOCATER V2.10, INVOKED BY:
C:\C51\BIN\BL51.EXE BHC.OBJ, CE.OBJ, NODEDEV.LIB, NODEPRO.LIB TO BHC.ABS RAMSIZE (256) PRINT (LNK.LST) NOOVERLAY


MEMORY MODEL: LARGE WITH FLOATING POINT ARITHMETIC


INPUT MODULES INCLUDED:
  BHC.OBJ (BHC)
  CE.OBJ (CE)
  NODEDEV.LIB (IIC)
  NODEDEV.LIB (RTC)
  NODEDEV.LIB (WDOG)
  NODEDEV.LIB (ADC)
  NODEDEV.LIB (SERIAL)
  NODEDEV.LIB (TIME)
  NODEDEV.LIB (IICDRIV)
  NODEPRO.LIB (RLCDPAD)
  C:\C51\LIB\C51FPL.LIB (?C_FPMUL)
  C:\C51\LIB\C51FPL.LIB (?C_FPDIV)
  C:\C51\LIB\C51FPL.LIB (?C_FPCMP)
  C:\C51\LIB\C51FPL.LIB (?C_FCAST)
  C:\C51\LIB\C51FPL.LIB (?C_CASTF)
  C:\C51\LIB\C51FPL.LIB (PRINTF)
  C:\C51\LIB\C51FPL.LIB (?C_LACC)
  C:\C51\LIB\C51FPL.LIB (?C_FPCMPTMP)
  C:\C51\LIB\C51FPL.LIB (?C_FPRESULT)
  C:\C51\LIB\C51FPL.LIB (?C_FPGETOPN)
  C:\C51\LIB\C51FPL.LIB (?C_FPADD)
  C:\C51\LIB\C51FPL.LIB (?C_FPEQUATES)
  C:\C51\LIB\C51FPL.LIB (?C_FPROUND)
  C:\C51\LIB\C51FPL.LIB (?C_FPCONVERT)
  C:\C51\LIB\C51FPL.LIB (?C_FPXCHOPN)
  C:\C51\LIB\C51FPL.LIB (?C_FTNPWR)
  C:\C51\LIB\C51L.LIB (?C_STARTUP)
  C:\C51\LIB\C51L.LIB (?C_CLDPTR)
  C:\C51\LIB\C51L.LIB (?C_CLDOPTR)
  C:\C51\LIB\C51L.LIB (?C_CSTPTR)
  C:\C51\LIB\C51L.LIB (?C_CSTOPTR)
  C:\C51\LIB\C51L.LIB (?C_IMUL)
  C:\C51\LIB\C51L.LIB (?C_UIDIV)
  C:\C51\LIB\C51L.LIB (?C_IILDX)
  C:\C51\LIB\C51L.LIB (?C_ILDIX)
  C:\C51\LIB\C51L.LIB (?C_LADD)
  C:\C51\LIB\C51L.LIB (?C_LSUB)
  C:\C51\LIB\C51L.LIB (?C_LMUL)
  C:\C51\LIB\C51L.LIB (?C_ULDIV)
  C:\C51\LIB\C51L.LIB (?C_LXCH)
  C:\C51\LIB\C51L.LIB (?C_LNEG)
  C:\C51\LIB\C51L.LIB (?C_SLCMP)
  C:\C51\LIB\C51L.LIB (?C_ULCMP)
  C:\C51\LIB\C51L.LIB (?C_LLDXDATA)
  C:\C51\LIB\C51L.LIB (?C_LILDXDATA)
  C:\C51\LIB\C51L.LIB (?C_LSTXDATA)
  C:\C51\LIB\C51L.LIB (?C_LSTKXDATA)
  C:\C51\LIB\C51L.LIB (?C_OFFXADD)
  C:\C51\LIB\C51L.LIB (?C_PLDIXDATA)
  C:\C51\LIB\C51L.LIB (?C_PSTXDATA)
BL51 BANKED LINKER/LOCATER V2.10                                                        05/15/98  13:41:55  PAGE 2


  C:\C51\LIB\C51L.LIB (?C_XSTACK)
  C:\C51\LIB\C51L.LIB (?C_XPUSHLACC)
  C:\C51\LIB\C51L.LIB (?C_CCASE)
  C:\C51\LIB\C51L.LIB (?C_INIT)
  C:\C51\LIB\C51L.LIB (?C_XSTACKD)


LINK MAP OF MODULE:  BHC.ABS (BHC)


            TYPE    BASE      LENGTH    RELOCATION   SEGMENT NAME
            -----------------------------------------------------

            * * * * * * *   D A T A   M E M O R Y   * * * * * * *
            REG     0000H     0008H     ABSOLUTE     "REG BANK 0"
            DATA    0008H     0008H     UNIT         IICDATA
            DATA    0010H     0005H     UNIT         ?DT?PRINTF?PRINTF
                    0015H     0003H                  *** GAP ***
            REG     0018H     0008H     ABSOLUTE     "REG BANK 3"
            BIT     0020H.0   0000H.2   ABSOLUTE     
            BIT     0020H.2   0000H.1   UNIT         ?BI?PUT_FLAG?BHC
            BIT     0020H.3   0000H.3   UNIT         ?BI?BHC
            BIT     0020H.6   0000H.1   UNIT         ?BI?ADC
            BIT     0020H.7   0000H.1   UNIT         ?BI?RLCDPAD
            DATA    0021H     0001H     BIT_ADDR     ?C_LIB_DBIT
            BIT     0022H.0   0000H.3   UNIT         ?BI?CE
            BIT     0022H.3   0000H.2   UNIT         ?BI?SERIAL
            BIT     0022H.5   0001H.1   UNIT         ?BI?PRINTF?PRINTF
                    0023H.6   0000H.2                *** GAP ***
            DATA    0024H     0010H     UNIT         ?C_LIB_DATA
            IDATA   0034H     000DH     UNIT         ?ID?CE
            IDATA   0041H     000AH     UNIT         ?ID?RTC
            IDATA   004BH     0004H     UNIT         ?ID?SERIAL
            IDATA   004FH     0004H     UNIT         ?ID?RLCDPAD
            IDATA   0053H     0001H     UNIT         ?STACK

            * * * * * * *  X D A T A   M E M O R Y  * * * * * * *
            XDATA   0000H     0002H     UNIT         ?XD?_P_ITIME?BHC
            XDATA   0002H     0001H     UNIT         ?XD?_P_IFLOW?BHC
            XDATA   0003H     0001H     UNIT         ?XD?_P_ILEVEL?BHC
            XDATA   0004H     0001H     UNIT         ?XD?_PROC_IN?BHC
            XDATA   0005H     0001H     UNIT         ?XD?PUT_FLAG?BHC
            XDATA   0006H     0002H     UNIT         ?XD?_DB_STORE?BHC
            XDATA   0008H     0002H     UNIT         ?XD?_IO_PRINT?BHC
            XDATA   000AH     0003H     UNIT         ?XD?_DB_PRINT?BHC
            XDATA   000DH     0006H     UNIT         ?XD?_PAINT?BHC
            XDATA   0013H     0001H     UNIT         ?XD?_PUTCHAR?BHC
            XDATA   0014H     0001H     UNIT         ?XD?_PROC_COM?BHC
            XDATA   0015H     0001H     UNIT         ?XD?PROC_RKEY?BHC
            XDATA   0016H     75A5H     UNIT         ?XD?BHC
            XDATA   75BBH     0004H     UNIT         ?XD?CALC_PRESS?CE
            XDATA   75BFH     0004H     UNIT         ?XD?CALC_LEVEL?CE
            XDATA   75C3H     0001H     UNIT         ?XD?P_WATER?CE
            XDATA   75C4H     0034H     UNIT         ?XD?CE
            XDATA   75F8H     0003H     UNIT         ?XD?_GET_TIME?RTC
            XDATA   75FBH     0003H     UNIT         ?XD?_GET_DATE?RTC
            XDATA   75FEH     0009H     UNIT         ?XD?ADC
BL51 BANKED LINKER/LOCATER V2.10                                                        05/15/98  13:41:55  PAGE 3


            XDATA   7607H     0201H     UNIT         ?XD?SERIAL
            XDATA   7808H     0007H     UNIT         ?XD?_TIM2LNG?TIME
            XDATA   780FH     000AH     UNIT         ?XD?_DIF_TIME?TIME
            XDATA   7819H     0003H     UNIT         ?XD?_PRINT_TIME?TIME
            XDATA   781CH     0003H     UNIT         ?XD?_PRINT_DATE?TIME
            XDATA   781FH     0003H     UNIT         ?XD?SHOW_TIME?TIME
            XDATA   7822H     0002H     UNIT         ?XD?SHOW_DATE?TIME
            XDATA   7824H     0006H     UNIT         ?XD?_PAINT_RLCD?RLCDPAD
            XDATA   782AH     0002H     UNIT         ?XD?INIT_RLCD?RLCDPAD
            XDATA   782CH     0002H     UNIT         ?XD?_RPUTCHAR?RLCDPAD
            XDATA   782EH     0014H     UNIT         ?XD?RLCDPAD
            XDATA   7842H     0030H     UNIT         ?XD?PRINTF?PRINTF
            XDATA   7872H     0080H     UNIT         ?C_LIB_XDATA

            * * * * * * *   C O D E   M E M O R Y   * * * * * * *
            CODE    0000H     0003H     ABSOLUTE     
            CODE    0003H     0006H     UNIT         ?PR?_CE_SIG?CE
                    0009H     0002H                  *** GAP ***
            CODE    000BH     0003H     ABSOLUTE     
            CODE    000EH     000BH     INBLOCK      ?PR?M_RESET?BHC
            CODE    0019H     000AH     UNIT         ?PR?_CE_D?CE
            CODE    0023H     0003H     ABSOLUTE     
            CODE    0026H     0004H     UNIT         ?PR?_INIT_IIC?IIC
                    002AH     0001H                  *** GAP ***
            CODE    002BH     0007H     ABSOLUTE     
            CODE    0032H     0012H     INBLOCK      ?PR?PUT_FLAG?BHC
            CODE    0044H     000CH     UNIT         ?PR?_CE_DSET?CE
            CODE    0050H     0003H     UNIT         ?PR?TEST_RKEY?RLCDPAD
            CODE    0053H     0003H     ABSOLUTE     
            CODE    0056H     0030H     INBLOCK      ?PR?SET_FLOW?BHC
            CODE    0086H     0007H     UNIT         ?PR?_IIC_MTX?IIC
                    008DH     0003H                  *** GAP ***
            CODE    0090H     000AH     ABSOLUTE     
            CODE    009AH     0006H     UNIT         ?PR?_WDOG?WDOG
            CODE    00A0H     000DH     ABSOLUTE     
                    00ADH     0003H                  *** GAP ***
            CODE    00B0H     000CH     ABSOLUTE     
                    00BCH     0004H                  *** GAP ***
            CODE    00C0H     000FH     ABSOLUTE     
                    00CFH     0001H                  *** GAP ***
            CODE    00D0H     0007H     ABSOLUTE     
                    00D7H     0001H                  *** GAP ***
            CODE    00D8H     0010H     ABSOLUTE     
            CODE    00E8H     000DH     ABSOLUTE     
                    00F5H     0003H                  *** GAP ***
            CODE    00F8H     0007H     ABSOLUTE     
                    00FFH     0001H                  *** GAP ***
            CODE    0100H     0006H     ABSOLUTE     
                    0106H     0002H                  *** GAP ***
            CODE    0108H     0008H     ABSOLUTE     
            CODE    0110H     0008H     ABSOLUTE     
            CODE    0118H     0007H     ABSOLUTE     
                    011FH     0001H                  *** GAP ***
            CODE    0120H     0006H     ABSOLUTE     
                    0126H     0002H                  *** GAP ***
            CODE    0128H     0008H     ABSOLUTE     
            CODE    0130H     0006H     ABSOLUTE     
BL51 BANKED LINKER/LOCATER V2.10                                                        05/15/98  13:41:55  PAGE 4


                    0136H     0002H                  *** GAP ***
            CODE    0138H     0008H     ABSOLUTE     
            CODE    0140H     0005H     ABSOLUTE     
                    0145H     0003H                  *** GAP ***
            CODE    0148H     0006H     ABSOLUTE     
                    014EH     0002H                  *** GAP ***
            CODE    0150H     0007H     ABSOLUTE     
                    0157H     0001H                  *** GAP ***
            CODE    0158H     0008H     ABSOLUTE     
            CODE    0160H     0008H     ABSOLUTE     
            CODE    0168H     0008H     ABSOLUTE     
            CODE    0170H     000DH     UNIT         ?PR?INIT_FLOW?CE
                    017DH     0003H                  *** GAP ***
            CODE    0180H     0007H     ABSOLUTE     
                    0187H     0001H                  *** GAP ***
            CODE    0188H     0005H     ABSOLUTE     
            CODE    018DH     0011H     UNIT         ?PR?_CE_DCLR?CE
                    019EH     0002H                  *** GAP ***
            CODE    01A0H     0006H     ABSOLUTE     
                    01A6H     0002H                  *** GAP ***
            CODE    01A8H     0002H     ABSOLUTE     
            CODE    01AAH     0006H     UNIT         ?PR?INIT_ADC?ADC
            CODE    01B0H     0002H     ABSOLUTE     
                    01B2H     0006H                  *** GAP ***
            CODE    01B8H     0007H     ABSOLUTE     
                    01BFH     0001H                  *** GAP ***
            CODE    01C0H     0006H     ABSOLUTE     
                    01C6H     0002H                  *** GAP ***
            CODE    01C8H     0006H     ABSOLUTE     
            CODE    01CEH     0090H     INBLOCK      ?PR?PUT_MENU?BHC
            CODE    025EH     0030H     INBLOCK      ?PR?SET_LLEV?BHC
            CODE    028EH     0181H     INBLOCK      ?PR?_P_ITIME?BHC
            CODE    040FH     00C8H     INBLOCK      ?PR?_P_IFLOW?BHC
            CODE    04D7H     00C8H     INBLOCK      ?PR?_P_ILEVEL?BHC
            CODE    059FH     00B5H     INBLOCK      ?PR?PROC_RUN?BHC
            CODE    0654H     0076H     INBLOCK      ?PR?_PROC_IN?BHC
            CODE    06CAH     0070H     INBLOCK      ?PR?PUT_INFO?BHC
            CODE    073AH     00B6H     INBLOCK      ?PR?_DB_STORE?BHC
            CODE    07F0H     000FH     UNIT         ?PR?IIC_WAIT?IIC
                    07FFH     0001H                  *** GAP ***
            CODE    0800H     00CBH     INBLOCK      ?PR?PUT_STATUS?BHC
            CODE    08CBH     0126H     INBLOCK      ?PR?UI_UPDATE?BHC
            CODE    09F1H     003AH     INBLOCK      ?PR?_IO_PRINT?BHC
            CODE    0A2BH     00DCH     INBLOCK      ?PR?_DB_PRINT?BHC
            CODE    0B07H     0033H     INBLOCK      ?PR?DB_LOG?BHC
            CODE    0B3AH     0021H     INBLOCK      ?PR?UI_SLOG?BHC
            CODE    0B5BH     0029H     INBLOCK      ?PR?_PAINT?BHC
            CODE    0B84H     0042H     INBLOCK      ?PR?INIT_I2CLCD?BHC
            CODE    0BC6H     0025H     INBLOCK      ?PR?_PUTCHAR?BHC
            CODE    0BEBH     013AH     INBLOCK      ?PR?_PROC_COM?BHC
            CODE    0D25H     0067H     INBLOCK      ?PR?PROC_RKEY?BHC
            CODE    0D8CH     002CH     INBLOCK      ?PR?INITIALISE?BHC
            CODE    0DB8H     0047H     INBLOCK      ?PR?PROC_DB?BHC
            CODE    0DFFH     0023H     INBLOCK      ?PR?MAIN?BHC
            CODE    0E22H     0264H     UNIT         ?CO?BHC
            CODE    1086H     016EH     UNIT         ?C_INITSEG
            CODE    11F4H     0015H     UNIT         ?PR?_CE_DTOG?CE
BL51 BANKED LINKER/LOCATER V2.10                                                        05/15/98  13:41:55  PAGE 5


            CODE    1209H     0058H     UNIT         ?PR?P_PHASE?CE
            CODE    1261H     0058H     UNIT         ?PR?P_OVERL?CE
            CODE    12B9H     005DH     UNIT         ?PR?P_SIG?CE
            CODE    1316H     0025H     UNIT         ?PR?_CE_SFLOW?CE
            CODE    133BH     00A7H     UNIT         ?PR?FLOW_UPD?CE
            CODE    13E2H     004CH     UNIT         ?PR?FLOW_POLL?CE
            CODE    142EH     012AH     UNIT         ?PR?P_VALV?CE
            CODE    1558H     0064H     UNIT         ?PR?CALC_PRESS?CE
            CODE    15BCH     00B4H     UNIT         ?PR?P_PRESS?CE
            CODE    1670H     0040H     UNIT         ?PR?_CE_SLLEV?CE
            CODE    16B0H     0065H     UNIT         ?PR?CALC_LEVEL?CE
            CODE    1715H     0054H     UNIT         ?PR?P_WATER?CE
            CODE    1769H     002AH     UNIT         ?PR?CE_RESET?CE
            CODE    1793H     0022H     UNIT         ?PR?START?CE
            CODE    17B5H     0030H     UNIT         ?PR?_STOP?CE
            CODE    17E5H     004DH     UNIT         ?PR?COLDBOOT?CE
            CODE    1832H     002BH     UNIT         ?PR?INIT_CE?CE
            CODE    185DH     009BH     UNIT         ?PR?P_MODE?CE
            CODE    18F8H     0019H     UNIT         ?PR?P_ALRM?CE
            CODE    1911H     0063H     UNIT         ?PR?P_CE?CE
            CODE    1974H     0084H     UNIT         ?PR?P_1MS?CE
            CODE    19F8H     004CH     UNIT         ?PR?T0_INT?CE
            CODE    1A44H     0014H     UNIT         ?PR?INIT_RTC?RTC
            CODE    1A58H     0043H     UNIT         ?PR?_SET_TIME?RTC
            CODE    1A9BH     0062H     UNIT         ?PR?_GET_TIME?RTC
            CODE    1AFDH     0059H     UNIT         ?PR?_GET_DATE?RTC
            CODE    1B56H     0022H     UNIT         ?PR?TEST_ALARM?RTC
            CODE    1B78H     000BH     UNIT         ?PR?ADC_START?ADC
            CODE    1B83H     0039H     UNIT         ?PR?ADC_INT?ADC
            CODE    1BBCH     0038H     UNIT         ?PR?_SPUTCHAR?SERIAL
            CODE    1BF4H     004CH     UNIT         ?PR?_INIT_SERIAL?SERIAL
            CODE    1C40H     0016H     UNIT         ?PR?S_RXH?SERIAL
            CODE    1C56H     0052H     UNIT         ?PR?SERIAL_INT?SERIAL
            CODE    1CA8H     0012H     UNIT         ?PR?_BCD2BYT?TIME
            CODE    1CBAH     0095H     UNIT         ?PR?_TIM2LNG?TIME
            CODE    1D4FH     0068H     UNIT         ?PR?_DIF_TIME?TIME
            CODE    1DB7H     003BH     UNIT         ?PR?_PRINT_TIME?TIME
            CODE    1DF2H     0031H     UNIT         ?PR?_PRINT_DATE?TIME
            CODE    1E23H     0018H     UNIT         ?PR?SHOW_TIME?TIME
            CODE    1E3BH     0018H     UNIT         ?PR?SHOW_DATE?TIME
            CODE    1E53H     001EH     UNIT         ?CO?TIME
            CODE    1E71H     0024H     UNIT         IICCODE
            CODE    1E95H     0032H     UNIT         ?PR?_PAINT_RLCD?RLCDPAD
            CODE    1EC7H     0033H     UNIT         ?PR?INIT_RLCD?RLCDPAD
            CODE    1EFAH     0008H     UNIT         ?PR?INIT_RKPAD?RLCDPAD
            CODE    1F02H     002BH     UNIT         ?PR?_RPUTCHAR?RLCDPAD
            CODE    1F2DH     0008H     UNIT         ?PR?_SET_RLCD?RLCDPAD
            CODE    1F35H     0022H     UNIT         ?PR?RGETKEY?RLCDPAD
            CODE    1F57H     097EH     UNIT         ?C_LIB_CODE
            CODE    28D5H     044EH     UNIT         ?PR?PRINTF?PRINTF
            CODE    2D23H     008CH     UNIT         ?C_C51STARTUP



SYMBOL TABLE OF MODULE:  BHC.ABS (BHC)

  VALUE           TYPE          NAME
BL51 BANKED LINKER/LOCATER V2.10                                                        05/15/98  13:41:55  PAGE 6


  ----------------------------------

  -------         MODULE        BHC
  C:0000H         SYMBOL        _ICE_DUMMY_
  C:0B5BH         PUBLIC        _paint
  X:0016H         PUBLIC        s_noff
  X:0019H         PUBLIC        s_pflow
  X:001CH         PUBLIC        s_nman
  X:001FH         PUBLIC        s_sflow
  B:00D8H.2       PUBLIC        AA
  X:0022H         PUBLIC        s_stpng
  B:00B0H.4       PUBLIC        T0
  B:00D0H.6       PUBLIC        AC
  X:0025H         PUBLIC        s_time
  X:0028H         PUBLIC        s_start
  X:002BH         PUBLIC        s_rstng
  B:00B0H.5       PUBLIC        T1
  X:002EH         PUBLIC        DB
  X:755EH         PUBLIC        t_start
  B:00E8H.4       PUBLIC        ECM0
  B:00A8H.7       PUBLIC        EA
  X:7561H         PUBLIC        rso1
  B:00E8H.5       PUBLIC        ECM1
  X:7564H         PUBLIC        s_fset
  X:7567H         PUBLIC        rso2
  B:00E8H.6       PUBLIC        ECM2
  X:756AH         PUBLIC        clear
  B:00C8H.4       PUBLIC        CMI0
  X:756DH         PUBLIC        s_nrng
  X:7570H         PUBLIC        s_menu
  B:00C8H.5       PUBLIC        CMI1
  X:7573H         PUBLIC        s_rlll
  B:00C8H.6       PUBLIC        CMI2
  B:00C8H.7       PUBLIC        T20V
  B:00E8H.0       PUBLIC        ECT0
  X:7576H         PUBLIC        s_flow
  X:7579H         PUBLIC        s_nrll
  X:757CH         PUBLIC        s_lset
  B:00E8H.1       PUBLIC        ECT1
  B:00E8H.2       PUBLIC        ECT2
  X:757FH         PUBLIC        s_pres
  B:00E8H.3       PUBLIC        ECT3
  B:00C8H.0       PUBLIC        CTI0
  B:00F8H.4       PUBLIC        PCM0
  X:7582H         PUBLIC        f_new
  X:7583H         PUBLIC        s_stat
  B:00C8H.1       PUBLIC        CTI1
  B:00F8H.5       PUBLIC        PCM1
  B:00C8H.2       PUBLIC        CTI2
  B:00F8H.6       PUBLIC        PCM2
  B:00C8H.3       PUBLIC        CTI3
  X:7586H         PUBLIC        s_tset
  B:00B0H.7       PUBLIC        RD
  X:7589H         PUBLIC        l_new
  B:00D8H.6       PUBLIC        ENS1
  B:00F8H.0       PUBLIC        PCT0
  B:00F8H.1       PUBLIC        PCT1
BL51 BANKED LINKER/LOCATER V2.10                                                        05/15/98  13:41:55  PAGE 7


  B:00F8H.2       PUBLIC        PCT2
  B:0098H.0       PUBLIC        RI
  B:00F8H.3       PUBLIC        PCT3
  X:758AH         PUBLIC        s_stop
  B:00D8H.3       PUBLIC        SI
  B:00B0H.2       PUBLIC        INT0
  B:00D0H.7       PUBLIC        CY
  X:758DH         PUBLIC        s_pll
  X:7590H         PUBLIC        s_nrst
  B:0098H.1       PUBLIC        TI
  B:00B0H.3       PUBLIC        INT1
  X:7593H         PUBLIC        s_sll
  X:7596H         PUBLIC        cursor
  X:7597H         PUBLIC        s_oor
  B:00D0H.2       PUBLIC        OV
  C:0DFFH         PUBLIC        main
  B:00B0H.6       PUBLIC        WR
  X:759AH         PUBLIC        t_now
  X:759DH         PUBLIC        t_in
  X:75A0H         PUBLIC        i2ccount
  B:0020H.3       PUBLIC        dirty
  D:0087H         PUBLIC        PCON
  C:0D8CH         PUBLIC        initialise
  C:04D7H         PUBLIC        _p_ilevel
  C:0BEBH         PUBLIC        _proc_com
  C:0A2BH         PUBLIC        _db_print
  C:073AH         PUBLIC        _db_store
  X:75A1H         PUBLIC        s_wl
  B:0088H.1       PUBLIC        IE0
  B:0088H.3       PUBLIC        IE1
  X:75A4H         PUBLIC        log
  B:0020H.4       PUBLIC        lcd_ack
  B:00D8H.0       PUBLIC        CR0
  X:75A7H         PUBLIC        db_page
  C:08CBH         PUBLIC        ui_update
  B:00D8H.1       PUBLIC        CR1
  B:00A8H.4       PUBLIC        ES0
  C:09F1H         PUBLIC        _io_print
  B:00A8H.1       PUBLIC        ET0
  B:00A8H.5       PUBLIC        ES1
  X:75A8H         PUBLIC        out_stream
  B:00A8H.3       PUBLIC        ET1
  B:00A8H.6       PUBLIC        EAD
  B:0088H.5       PUBLIC        TF0
  C:0B84H         PUBLIC        init_i2clcd
  C:028EH         PUBLIC        _p_itime
  B:00E8H.7       PUBLIC        ET2
  B:0088H.7       PUBLIC        TF1
  B:0098H.2       PUBLIC        RB8
  B:00A8H.0       PUBLIC        EX0
  B:0088H.0       PUBLIC        IT0
  C:0654H         PUBLIC        _proc_in
  B:0098H.3       PUBLIC        TB8
  B:00A8H.2       PUBLIC        EX1
  B:0088H.2       PUBLIC        IT1
  B:00D0H.0       PUBLIC        P
  B:0098H.7       PUBLIC        SM0
BL51 BANKED LINKER/LOCATER V2.10                                                        05/15/98  13:41:55  PAGE 8


  B:0098H.6       PUBLIC        SM1
  B:0098H.5       PUBLIC        SM2
  B:00B8H.4       PUBLIC        PS0
  C:0D25H         PUBLIC        proc_rkey
  C:040FH         PUBLIC        _p_iflow
  B:00B8H.1       PUBLIC        PT0
  B:00B8H.5       PUBLIC        PS1
  B:00B8H.3       PUBLIC        PT1
  B:00B8H.6       PUBLIC        PAD
  B:00D0H.3       PUBLIC        RS0
  B:00F8H.7       PUBLIC        PT2
  B:0088H.4       PUBLIC        TR0
  B:00D0H.4       PUBLIC        RS1
  C:0032H         PUBLIC        put_flag
  B:0088H.6       PUBLIC        TR1
  B:00B8H.0       PUBLIC        PX0
  B:00B8H.2       PUBLIC        PX1
  X:75A9H         PUBLIC        old_flow
  C:0BC6H         PUBLIC        _putchar
  C:0DB8H         PUBLIC        proc_db
  C:0800H         PUBLIC        put_status
  C:025EH         PUBLIC        set_llev
  X:75AAH         PUBLIC        ui_state
  B:0098H.4       PUBLIC        REN
  C:0056H         PUBLIC        set_flow
  B:00D8H.5       PUBLIC        STA
  C:06CAH         PUBLIC        put_info
  C:0B07H         PUBLIC        db_log
  X:75ABH         PUBLIC        db_idx
  X:75ADH         PUBLIC        i_state
  C:059FH         PUBLIC        proc_run
  B:00B0H.0       PUBLIC        RXD
  B:00C0H.6       PUBLIC        BHC_TEST
  B:0020H.5       PUBLIC        ui_refr
  B:00B0H.1       PUBLIC        TXD
  X:75AEH         PUBLIC        m_state
  C:01CEH         PUBLIC        put_menu
  C:000EH         PUBLIC        m_reset
  X:75AFH         PUBLIC        s_rning
  X:75B2H         PUBLIC        s_enter
  X:75B5H         PUBLIC        s_ptime
  B:00D0H.5       PUBLIC        F0
  C:0B3AH         PUBLIC        ui_slog
  B:00D8H.4       PUBLIC        STO
  X:75B8H         PUBLIC        s_stime
  -------         PROC          PUT_MENU
  C:01CEH         LINE#         26
  C:01CEH         LINE#         27
  C:01CEH         LINE#         28
  C:01D3H         LINE#         29
  C:01EAH         LINE#         30
  C:01EAH         LINE#         31
  C:01EFH         LINE#         32
  C:01FDH         LINE#         33
  C:01FEH         LINE#         34
  C:020CH         LINE#         35
  C:020DH         LINE#         36
BL51 BANKED LINKER/LOCATER V2.10                                                        05/15/98  13:41:55  PAGE 9


  C:021BH         LINE#         37
  C:021CH         LINE#         38
  C:022AH         LINE#         39
  C:022BH         LINE#         40
  C:0239H         LINE#         41
  C:023AH         LINE#         42
  C:0240H         LINE#         43
  C:024FH         LINE#         44
  C:025DH         LINE#         45
  C:025DH         LINE#         46
  C:025DH         LINE#         47
  -------         ENDPROC       PUT_MENU
  -------         PROC          M_RESET
  C:000EH         LINE#         49
  C:000EH         LINE#         50
  C:000EH         LINE#         51
  C:0013H         LINE#         52
  C:0018H         LINE#         53
  -------         ENDPROC       M_RESET
  -------         PROC          SET_FLOW
  C:0056H         LINE#         55
  C:0056H         LINE#         56
  C:0056H         LINE#         57
  C:005BH         LINE#         58
  C:005EH         LINE#         59
  C:0068H         LINE#         60
  C:0077H         LINE#         61
  C:0085H         LINE#         62
  -------         ENDPROC       SET_FLOW
  -------         PROC          SET_LLEV
  C:025EH         LINE#         64
  C:025EH         LINE#         65
  C:025EH         LINE#         66
  C:0263H         LINE#         67
  C:0266H         LINE#         68
  C:0270H         LINE#         69
  C:027FH         LINE#         70
  C:028DH         LINE#         71
  -------         ENDPROC       SET_LLEV
  -------         PROC          _P_ITIME
  X:0000H         SYMBOL        in
  C:028EH         LINE#         73
  C:0293H         LINE#         74
  -------         DO            (NULL)
  X:0001H         SYMBOL        t
  C:0293H         LINE#         76
  C:0298H         LINE#         77
  C:02BFH         LINE#         78
  C:02BFH         LINE#         79
  C:02CDH         LINE#         80
  C:02D3H         LINE#         81
  C:02D9H         LINE#         82
  C:02DEH         LINE#         83
  C:02DFH         LINE#         84
  C:02EAH         LINE#         85
  C:02EAH         LINE#         86
  C:02F4H         LINE#         87
BL51 BANKED LINKER/LOCATER V2.10                                                        05/15/98  13:41:55  PAGE 10


  C:02FCH         LINE#         88
  C:0307H         LINE#         89
  C:030DH         LINE#         90
  C:030DH         LINE#         91
  C:030EH         LINE#         92
  C:0319H         LINE#         93
  C:0321H         LINE#         94
  C:0321H         LINE#         95
  C:032BH         LINE#         96
  C:0333H         LINE#         97
  C:033BH         LINE#         98
  C:0342H         LINE#         99
  C:0342H         LINE#         100
  C:0343H         LINE#         101
  C:034EH         LINE#         102
  C:034EH         LINE#         103
  C:0358H         LINE#         104
  C:0360H         LINE#         105
  C:036BH         LINE#         106
  C:0371H         LINE#         107
  C:0371H         LINE#         108
  C:0372H         LINE#         109
  C:037DH         LINE#         110
  C:0385H         LINE#         111
  C:0385H         LINE#         112
  C:038FH         LINE#         113
  C:0397H         LINE#         114
  C:039FH         LINE#         115
  C:03A6H         LINE#         116
  C:03A6H         LINE#         117
  C:03A7H         LINE#         118
  C:03B0H         LINE#         119
  C:03B0H         LINE#         120
  C:03BAH         LINE#         121
  C:03C2H         LINE#         122
  C:03CDH         LINE#         123
  C:03D3H         LINE#         124
  C:03D3H         LINE#         125
  C:03D4H         LINE#         126
  C:03DFH         LINE#         127
  C:03E6H         LINE#         128
  C:03E6H         LINE#         129
  C:03EBH         LINE#         130
  C:03F0H         LINE#         131
  C:03FEH         LINE#         132
  C:0407H         LINE#         133
  C:040AH         LINE#         134
  C:040AH         LINE#         135
  C:040BH         LINE#         136
  C:040EH         LINE#         137
  C:040EH         LINE#         138
  -------         ENDDO         (NULL)
  -------         ENDPROC       _P_ITIME
  -------         PROC          _P_IFLOW
  X:0002H         SYMBOL        in
  C:040FH         LINE#         140
  C:0414H         LINE#         141
BL51 BANKED LINKER/LOCATER V2.10                                                        05/15/98  13:41:55  PAGE 11


  C:0414H         LINE#         142
  C:0427H         LINE#         143
  C:0427H         LINE#         144
  C:042DH         LINE#         145
  C:043BH         LINE#         146
  C:0445H         LINE#         147
  C:0456H         LINE#         148
  C:0460H         LINE#         149
  C:0465H         LINE#         150
  C:0466H         LINE#         151
  C:0466H         LINE#         152
  C:046DH         LINE#         153
  C:046DH         LINE#         154
  C:0475H         LINE#         155
  C:0478H         LINE#         156
  C:0479H         LINE#         157
  C:0479H         LINE#         158
  C:0483H         LINE#         159
  C:048BH         LINE#         160
  C:0495H         LINE#         161
  C:049BH         LINE#         162
  C:049CH         LINE#         163
  C:049CH         LINE#         164
  C:04A3H         LINE#         165
  C:04A3H         LINE#         166
  C:04A6H         LINE#         167
  C:04A7H         LINE#         168
  C:04A7H         LINE#         169
  C:04B1H         LINE#         170
  C:04B9H         LINE#         171
  C:04C2H         LINE#         172
  C:04CFH         LINE#         173
  C:04D2H         LINE#         174
  C:04D3H         LINE#         175
  C:04D6H         LINE#         176
  C:04D6H         LINE#         177
  -------         ENDPROC       _P_IFLOW
  -------         PROC          _P_ILEVEL
  X:0003H         SYMBOL        in
  C:04D7H         LINE#         179
  C:04DCH         LINE#         180
  C:04DCH         LINE#         181
  C:04EFH         LINE#         182
  C:04EFH         LINE#         183
  C:04F5H         LINE#         184
  C:0503H         LINE#         185
  C:050DH         LINE#         186
  C:051EH         LINE#         187
  C:0528H         LINE#         188
  C:052DH         LINE#         189
  C:052EH         LINE#         190
  C:052EH         LINE#         191
  C:0535H         LINE#         192
  C:0535H         LINE#         193
  C:053DH         LINE#         194
  C:0540H         LINE#         195
  C:0541H         LINE#         196
BL51 BANKED LINKER/LOCATER V2.10                                                        05/15/98  13:41:55  PAGE 12


  C:0541H         LINE#         197
  C:054BH         LINE#         198
  C:0553H         LINE#         199
  C:055DH         LINE#         200
  C:0563H         LINE#         201
  C:0564H         LINE#         202
  C:0564H         LINE#         203
  C:056BH         LINE#         204
  C:056BH         LINE#         205
  C:056EH         LINE#         206
  C:056FH         LINE#         207
  C:056FH         LINE#         208
  C:0579H         LINE#         209
  C:0581H         LINE#         210
  C:058AH         LINE#         211
  C:0597H         LINE#         212
  C:059AH         LINE#         213
  C:059BH         LINE#         214
  C:059EH         LINE#         215
  C:059EH         LINE#         216
  -------         ENDPROC       _P_ILEVEL
  -------         PROC          PROC_RUN
  C:059FH         LINE#         218
  C:059FH         LINE#         219
  C:059FH         LINE#         220
  C:05A4H         LINE#         221
  C:05AAH         LINE#         222
  C:05AAH         LINE#         223
  C:05B2H         LINE#         224
  C:05B2H         LINE#         225
  C:05C1H         LINE#         227
  C:05C1H         LINE#         228
  C:05C7H         LINE#         229
  C:05C7H         LINE#         230
  C:05D6H         LINE#         232
  C:05D6H         LINE#         233
  C:05DDH         LINE#         234
  C:05DDH         LINE#         235
  C:05ECH         LINE#         237
  C:05ECH         LINE#         238
  C:05F2H         LINE#         239
  C:05F2H         LINE#         240
  C:0601H         LINE#         242
  C:0601H         LINE#         243
  C:060FH         LINE#         244
  C:0614H         LINE#         245
  C:0615H         LINE#         247
  C:0615H         LINE#         248
  C:061CH         LINE#         249
  C:061CH         LINE#         250
  C:062BH         LINE#         252
  C:062BH         LINE#         253
  C:0631H         LINE#         254
  C:0631H         LINE#         255
  C:0640H         LINE#         257
  C:0640H         LINE#         258
  C:064EH         LINE#         259
BL51 BANKED LINKER/LOCATER V2.10                                                        05/15/98  13:41:55  PAGE 13


  C:0653H         LINE#         260
  C:0653H         LINE#         261
  -------         ENDPROC       PROC_RUN
  -------         PROC          _PROC_IN
  X:0004H         SYMBOL        in
  C:0654H         LINE#         263
  C:0659H         LINE#         264
  C:0659H         LINE#         265
  C:065EH         LINE#         266
  C:0671H         LINE#         267
  C:0671H         LINE#         268
  C:0671H         LINE#         269
  C:0674H         LINE#         270
  C:0675H         LINE#         271
  C:0675H         LINE#         272
  C:067AH         LINE#         273
  C:0681H         LINE#         274
  C:0690H         LINE#         276
  C:0690H         LINE#         277
  C:069EH         LINE#         278
  C:06A3H         LINE#         279
  C:06A8H         LINE#         280
  C:06A8H         LINE#         281
  C:06A9H         LINE#         282
  C:06B1H         LINE#         283
  C:06B2H         LINE#         284
  C:06BAH         LINE#         285
  C:06BBH         LINE#         286
  C:06C3H         LINE#         287
  C:06C4H         LINE#         288
  C:06C9H         LINE#         289
  C:06C9H         LINE#         290
  C:06C9H         LINE#         291
  -------         ENDPROC       _PROC_IN
  -------         PROC          PUT_INFO
  C:06CAH         LINE#         25
  C:06CAH         LINE#         26
  C:06CAH         LINE#         27
  C:06CFH         LINE#         28
  C:06E4H         LINE#         29
  C:06E4H         LINE#         30
  C:06EAH         LINE#         31
  C:06F8H         LINE#         32
  C:06F9H         LINE#         33
  C:0707H         LINE#         34
  C:070CH         LINE#         35
  C:070DH         LINE#         36
  C:071BH         LINE#         37
  C:071CH         LINE#         38
  C:072AH         LINE#         39
  C:072BH         LINE#         40
  C:0739H         LINE#         41
  C:0739H         LINE#         42
  C:0739H         LINE#         43
  -------         ENDPROC       PUT_INFO
  -------         PROC          PUT_FLAG
  B:0020H.2       SYMBOL        on
BL51 BANKED LINKER/LOCATER V2.10                                                        05/15/98  13:41:55  PAGE 14


  X:0005H         SYMBOL        out
  C:0032H         LINE#         45
  C:0032H         LINE#         46
  C:0032H         LINE#         47
  C:0035H         LINE#         48
  C:003EH         LINE#         49
  C:0043H         LINE#         50
  -------         ENDPROC       PUT_FLAG
  -------         PROC          PUT_STATUS
  C:0800H         LINE#         52
  C:0800H         LINE#         53
  C:0800H         LINE#         54
  C:0805H         LINE#         55
  C:080CH         LINE#         56
  C:0813H         LINE#         57
  C:0819H         LINE#         58
  C:0820H         LINE#         59
  C:0825H         LINE#         60
  C:0836H         LINE#         61
  C:0847H         LINE#         62
  C:0858H         LINE#         63
  C:0869H         LINE#         64
  C:0879H         LINE#         65
  C:088AH         LINE#         66
  C:08A1H         LINE#         67
  C:08A1H         LINE#         68
  C:08A6H         LINE#         69
  C:08A7H         LINE#         70
  C:08ACH         LINE#         71
  C:08ADH         LINE#         72
  C:08B2H         LINE#         73
  C:08B3H         LINE#         74
  C:08B8H         LINE#         75
  C:08B9H         LINE#         76
  C:08BEH         LINE#         77
  C:08BFH         LINE#         78
  C:08C4H         LINE#         79
  C:08C5H         LINE#         80
  C:08CAH         LINE#         81
  C:08CAH         LINE#         82
  C:08CAH         LINE#         83
  -------         ENDPROC       PUT_STATUS
  -------         PROC          UI_UPDATE
  C:08CBH         LINE#         85
  C:08CBH         LINE#         86
  C:08CBH         LINE#         87
  C:08CDH         LINE#         90
  C:08D7H         LINE#         92
  C:08DDH         LINE#         93
  C:08E2H         LINE#         94
  C:08FBH         LINE#         95
  C:08FBH         LINE#         96
  C:08FBH         LINE#         97
  C:08FEH         LINE#         98
  C:0900H         LINE#         99
  C:0900H         LINE#         100
  C:090DH         LINE#         101
BL51 BANKED LINKER/LOCATER V2.10                                                        05/15/98  13:41:55  PAGE 15


  C:090DH         LINE#         102
  C:0912H         LINE#         103
  C:0917H         LINE#         104
  C:0928H         LINE#         105
  C:092EH         LINE#         106
  C:0930H         LINE#         108
  C:0930H         LINE#         109
  C:0935H         LINE#         110
  C:094AH         LINE#         111
  C:094AH         LINE#         112
  C:094CH         LINE#         113
  C:094CH         LINE#         114
  C:094FH         LINE#         115
  C:0954H         LINE#         116
  C:095AH         LINE#         117
  C:0965H         LINE#         118
  C:098BH         LINE#         119
  C:098DH         LINE#         120
  C:098DH         LINE#         121
  C:0990H         LINE#         122
  C:0995H         LINE#         123
  C:099BH         LINE#         124
  C:09A6H         LINE#         125
  C:09CCH         LINE#         126
  C:09CEH         LINE#         127
  C:09CEH         LINE#         128
  C:09D3H         LINE#         129
  C:09D6H         LINE#         130
  C:09D8H         LINE#         131
  C:09DEH         LINE#         132
  C:09DEH         LINE#         133
  C:09E5H         LINE#         134
  C:09E5H         LINE#         135
  C:09EBH         LINE#         136
  C:09F0H         LINE#         137
  C:09F0H         LINE#         138
  -------         ENDPROC       UI_UPDATE
  -------         PROC          _DB_STORE
  X:0006H         SYMBOL        idx
  C:073AH         LINE#         30
  C:0742H         LINE#         31
  -------         DO            (NULL)
  D:0007H         SYMBOL        i
  C:0742H         LINE#         33
  C:074AH         LINE#         34
  C:077EH         LINE#         35
  C:079FH         LINE#         36
  C:07B9H         LINE#         37
  C:07D3H         LINE#         38
  C:07EFH         LINE#         39
  -------         ENDDO         (NULL)
  -------         ENDPROC       _DB_STORE
  -------         PROC          _IO_PRINT
  D:0007H         SYMBOL        out
  C:09F1H         LINE#         41
  C:09F1H         LINE#         42
  -------         DO            (NULL)
BL51 BANKED LINKER/LOCATER V2.10                                                        05/15/98  13:41:55  PAGE 16


  X:0008H         SYMBOL        i
  X:0009H         SYMBOL        t
  C:09F1H         LINE#         44
  C:09F6H         LINE#         45
  C:0A04H         LINE#         46
  C:0A04H         LINE#         47
  C:0A09H         LINE#         48
  C:0A10H         LINE#         49
  C:0A15H         LINE#         50
  C:0A1DH         LINE#         51
  C:0A25H         LINE#         52
  C:0A2AH         LINE#         53
  -------         ENDDO         (NULL)
  -------         ENDPROC       _IO_PRINT
  -------         PROC          _DB_PRINT
  X:000AH         SYMBOL        idx
  C:0A2BH         LINE#         55
  C:0A33H         LINE#         56
  -------         DO            (NULL)
  X:000CH         SYMBOL        i
  C:0A33H         LINE#         58
  C:0A40H         LINE#         59
  C:0A79H         LINE#         61
  C:0A81H         LINE#         62
  C:0A9FH         LINE#         63
  C:0ABDH         LINE#         64
  C:0B01H         LINE#         66
  C:0B06H         LINE#         67
  -------         ENDDO         (NULL)
  -------         ENDPROC       _DB_PRINT
  -------         PROC          DB_LOG
  C:0B07H         LINE#         69
  C:0B07H         LINE#         70
  C:0B07H         LINE#         71
  C:0B12H         LINE#         72
  C:0B28H         LINE#         73
  C:0B28H         LINE#         74
  C:0B2EH         LINE#         75
  C:0B37H         LINE#         76
  C:0B39H         LINE#         77
  C:0B39H         LINE#         78
  -------         ENDPROC       DB_LOG
  -------         PROC          UI_SLOG
  C:0B3AH         LINE#         43
  C:0B3AH         LINE#         44
  C:0B3AH         LINE#         45
  C:0B40H         LINE#         46
  C:0B43H         LINE#         47
  C:0B54H         LINE#         48
  C:0B5AH         LINE#         49
  -------         ENDPROC       UI_SLOG
  -------         PROC          _PAINT
  X:000DH         SYMBOL        l1
  X:0010H         SYMBOL        l2
  C:0B5BH         LINE#         51
  C:0B5BH         LINE#         52
  C:0B5BH         LINE#         53
BL51 BANKED LINKER/LOCATER V2.10                                                        05/15/98  13:41:55  PAGE 17


  C:0B61H         LINE#         54
  C:0B61H         LINE#         55
  C:0B81H         LINE#         56
  C:0B83H         LINE#         57
  C:0B83H         LINE#         58
  -------         ENDPROC       _PAINT
  -------         PROC          INIT_I2CLCD
  C:0B84H         LINE#         60
  C:0B84H         LINE#         61
  -------         DO            (NULL)
  D:0006H         SYMBOL        wait
  C:0B84H         LINE#         62
  C:0B88H         LINE#         63
  C:0B91H         LINE#         64
  C:0B96H         LINE#         65
  C:0B99H         LINE#         66
  C:0B99H         LINE#         67
  C:0B9BH         LINE#         68
  C:0B9DH         LINE#         69
  C:0BC0H         LINE#         70
  C:0BC5H         LINE#         71
  C:0BC5H         LINE#         72
  -------         ENDDO         (NULL)
  -------         ENDPROC       INIT_I2CLCD
  -------         PROC          _PUTCHAR
  X:0013H         SYMBOL        out
  C:0BC6H         LINE#         74
  C:0BCBH         LINE#         75
  C:0BCBH         LINE#         76
  C:0BD2H         LINE#         77
  C:0BDBH         LINE#         78
  C:0BE2H         LINE#         79
  C:0BEAH         LINE#         80
  -------         ENDPROC       _PUTCHAR
  -------         PROC          _PROC_COM
  X:0014H         SYMBOL        in
  C:0BEBH         LINE#         82
  C:0BF0H         LINE#         83
  C:0BF0H         LINE#         84
  C:0C13H         LINE#         85
  C:0C13H         LINE#         86
  C:0C1CH         LINE#         87
  C:0C21H         LINE#         88
  C:0C27H         LINE#         89
  C:0C44H         LINE#         90
  C:0C4AH         LINE#         91
  C:0C4DH         LINE#         92
  C:0C50H         LINE#         93
  C:0C51H         LINE#         94
  C:0C5AH         LINE#         95
  C:0C5FH         LINE#         96
  C:0C65H         LINE#         97
  C:0C82H         LINE#         98
  C:0C88H         LINE#         99
  C:0C8BH         LINE#         100
  C:0C8EH         LINE#         101
  C:0C8FH         LINE#         102
BL51 BANKED LINKER/LOCATER V2.10                                                        05/15/98  13:41:55  PAGE 18


  C:0C98H         LINE#         103
  C:0C9DH         LINE#         104
  C:0CA3H         LINE#         105
  C:0CA6H         LINE#         106
  C:0CA7H         LINE#         107
  C:0CB0H         LINE#         108
  C:0CB5H         LINE#         109
  C:0CBBH         LINE#         110
  C:0CBEH         LINE#         111
  C:0CBFH         LINE#         112
  C:0CC2H         LINE#         113
  C:0CC5H         LINE#         114
  C:0CCAH         LINE#         115
  C:0CCBH         LINE#         116
  C:0CCBH         LINE#         117
  C:0CCBH         LINE#         118
  C:0CCBH         LINE#         119
  C:0CCBH         LINE#         120
  C:0CCBH         LINE#         121
  C:0CD1H         LINE#         122
  C:0CD1H         LINE#         123
  C:0CD6H         LINE#         124
  C:0CE4H         LINE#         125
  C:0CE5H         LINE#         126
  C:0CE5H         LINE#         127
  C:0D03H         LINE#         128
  C:0D03H         LINE#         129
  C:0D08H         LINE#         130
  C:0D16H         LINE#         131
  C:0D1BH         LINE#         132
  C:0D1CH         LINE#         133
  C:0D1CH         LINE#         134
  C:0D24H         LINE#         135
  C:0D24H         LINE#         136
  C:0D24H         LINE#         137
  -------         ENDPROC       _PROC_COM
  -------         PROC          PROC_RKEY
  C:0D25H         LINE#         139
  C:0D25H         LINE#         140
  -------         DO            (NULL)
  X:0015H         SYMBOL        in
  C:0D25H         LINE#         142
  C:0D2BH         LINE#         143
  C:0D33H         LINE#         144
  C:0D36H         LINE#         145
  C:0D36H         LINE#         146
  C:0D39H         LINE#         147
  C:0D3EH         LINE#         148
  C:0D45H         LINE#         150
  C:0D45H         LINE#         151
  C:0D51H         LINE#         152
  C:0D51H         LINE#         153
  C:0D51H         LINE#         154
  C:0D53H         LINE#         155
  C:0D76H         LINE#         156
  C:0D7CH         LINE#         157
  C:0D7DH         LINE#         158
BL51 BANKED LINKER/LOCATER V2.10                                                        05/15/98  13:41:55  PAGE 19


  C:0D7DH         LINE#         159
  C:0D85H         LINE#         160
  C:0D86H         LINE#         161
  C:0D8BH         LINE#         162
  C:0D8BH         LINE#         163
  C:0D8BH         LINE#         164
  -------         ENDDO         (NULL)
  -------         ENDPROC       PROC_RKEY
  -------         PROC          INITIALISE
  C:0D8CH         LINE#         30
  C:0D8CH         LINE#         31
  C:0D8CH         LINE#         32
  C:0D8EH         LINE#         33
  C:0D90H         LINE#         34
  C:0D93H         LINE#         35
  C:0D96H         LINE#         36
  C:0D9BH         LINE#         37
  C:0DA0H         LINE#         38
  C:0DA3H         LINE#         39
  C:0DA6H         LINE#         40
  C:0DA9H         LINE#         41
  C:0DAEH         LINE#         42
  C:0DB7H         LINE#         43
  -------         ENDPROC       INITIALISE
  -------         PROC          PROC_DB
  C:0DB8H         LINE#         45
  C:0DB8H         LINE#         46
  C:0DB8H         LINE#         47
  C:0DBAH         LINE#         48
  C:0DC0H         LINE#         49
  C:0DCAH         LINE#         50
  C:0DCAH         LINE#         51
  C:0DD9H         LINE#         52
  C:0DDEH         LINE#         53
  C:0DE7H         LINE#         54
  C:0DF0H         LINE#         55
  C:0DF2H         LINE#         56
  C:0DFBH         LINE#         57
  C:0DFEH         LINE#         58
  -------         ENDPROC       PROC_DB
  -------         PROC          MAIN
  C:0DFFH         LINE#         60
  C:0DFFH         LINE#         61
  C:0DFFH         LINE#         62
  C:0E02H         LINE#         63
  C:0E02H         LINE#         64
  C:0E02H         LINE#         65
  C:0E07H         LINE#         66
  C:0E0AH         LINE#         67
  C:0E0DH         LINE#         68
  C:0E10H         LINE#         69
  C:0E13H         LINE#         70
  C:0E13H         LINE#         71
  C:0E15H         LINE#         72
  C:0E1AH         LINE#         73
  C:0E1DH         LINE#         74
  C:0E1FH         LINE#         75
BL51 BANKED LINKER/LOCATER V2.10                                                        05/15/98  13:41:55  PAGE 20


  C:0E1FH         LINE#         76
  C:0E21H         LINE#         77
  -------         ENDPROC       MAIN
  -------         ENDMOD        BHC

  -------         MODULE        CE
  C:0000H         SYMBOL        _ICE_DUMMY_
  C:18F8H         PUBLIC        p_alrm
  X:75C4H         PUBLIC        pressure
  X:75C5H         PUBLIC        a_stat
  X:75C6H         PUBLIC        ce_run
  C:15BCH         PUBLIC        p_press
  B:00D8H.2       PUBLIC        AA
  X:75C7H         PUBLIC        v_pulse
  B:00B0H.4       PUBLIC        T0
  B:00D0H.6       PUBLIC        AC
  B:00B0H.5       PUBLIC        T1
  B:00E8H.4       PUBLIC        ECM0
  B:00A8H.7       PUBLIC        EA
  B:00E8H.5       PUBLIC        ECM1
  X:75C8H         PUBLIC        pre_ui
  B:00E8H.6       PUBLIC        ECM2
  B:00C8H.4       PUBLIC        CMI0
  X:75C9H         PUBLIC        t_last
  B:00C8H.5       PUBLIC        CMI1
  C:142EH         PUBLIC        p_valv
  X:75CDH         PUBLIC        ce_tn
  B:00C8H.6       PUBLIC        CMI2
  B:00C8H.7       PUBLIC        T20V
  B:00E8H.0       PUBLIC        ECT0
  I:0034H         PUBLIC        p_ave
  B:00E8H.1       PUBLIC        ECT1
  B:00E8H.2       PUBLIC        ECT2
  I:0035H         PUBLIC        pf_tot
  B:00E8H.3       PUBLIC        ECT3
  C:16B0H         PUBLIC        calc_level
  B:00C8H.0       PUBLIC        CTI0
  B:00F8H.4       PUBLIC        PCM0
  I:0036H         PUBLIC        p_htot
  B:00C8H.1       PUBLIC        CTI1
  B:00F8H.5       PUBLIC        PCM1
  B:00C8H.2       PUBLIC        CTI2
  B:00F8H.6       PUBLIC        PCM2
  X:75D0H         PUBLIC        f_set
  B:00C8H.3       PUBLIC        CTI3
  C:12B9H         PUBLIC        p_sig
  I:0037H         PUBLIC        w_ave
  X:75D1H         PUBLIC        v_stat
  I:0038H         PUBLIC        p_ltot
  I:0039H         PUBLIC        o_cnt
  B:00B0H.7       PUBLIC        RD
  I:003AH         PUBLIC        p_cnt
  B:00D8H.6       PUBLIC        ENS1
  B:00F8H.0       PUBLIC        PCT0
  C:1911H         PUBLIC        p_ce
  B:00F8H.1       PUBLIC        PCT1
  X:75D2H         PUBLIC        l_set
BL51 BANKED LINKER/LOCATER V2.10                                                        05/15/98  13:41:55  PAGE 21


  B:00F8H.2       PUBLIC        PCT2
  X:75D3H         PUBLIC        t_cos
  B:0098H.0       PUBLIC        RI
  B:00F8H.3       PUBLIC        PCT3
  B:00D8H.3       PUBLIC        SI
  B:00B0H.2       PUBLIC        INT0
  B:00D0H.7       PUBLIC        CY
  B:0098H.1       PUBLIC        TI
  B:00B0H.3       PUBLIC        INT1
  I:003BH         PUBLIC        w_cnt
  X:75D5H         PUBLIC        v_pre
  X:75D6H         PUBLIC        f_tot
  X:75DAH         PUBLIC        v_cur
  X:75DBH         PUBLIC        water_level
  B:00D0H.2       PUBLIC        OV
  C:1558H         PUBLIC        calc_press
  C:17B5H         PUBLIC        _stop
  I:003CH         PUBLIC        o_tot
  B:00B0H.6       PUBLIC        WR
  B:00C0H.7       PUBLIC        CE_TEST
  I:003DH         PUBLIC        w_sum
  I:003FH         PUBLIC        w_ll
  C:018DH         PUBLIC        _ce_dclr
  C:1793H         PUBLIC        start
  C:1670H         PUBLIC        _ce_sllev
  D:0089H         PUBLIC        TMOD
  C:1316H         PUBLIC        _ce_sflow
  C:11F4H         PUBLIC        _ce_dtog
  X:75DCH         PUBLIC        flow
  C:0044H         PUBLIC        _ce_dset
  X:75DDH         PUBLIC        pre_1ms
  B:0088H.1       PUBLIC        IE0
  B:0088H.3       PUBLIC        IE1
  B:0022H.0       PUBLIC        db_flag
  B:00D8H.0       PUBLIC        CR0
  B:00D8H.1       PUBLIC        CR1
  B:00A8H.4       PUBLIC        ES0
  B:00A8H.1       PUBLIC        ET0
  B:00A8H.5       PUBLIC        ES1
  B:00A8H.3       PUBLIC        ET1
  B:00A8H.6       PUBLIC        EAD
  B:0088H.5       PUBLIC        TF0
  B:00E8H.7       PUBLIC        ET2
  B:0088H.7       PUBLIC        TF1
  B:0098H.2       PUBLIC        RB8
  D:008CH         PUBLIC        TH0
  C:0003H         PUBLIC        _ce_sig
  X:75DEH         PUBLIC        ce_t0
  B:00A8H.0       PUBLIC        EX0
  B:0088H.0       PUBLIC        IT0
  B:0098H.3       PUBLIC        TB8
  B:00A8H.2       PUBLIC        EX1
  B:0088H.2       PUBLIC        IT1
  C:1769H         PUBLIC        ce_reset
  B:00D0H.0       PUBLIC        P
  X:75E1H         PUBLIC        ce_mode
  B:0098H.7       PUBLIC        SM0
BL51 BANKED LINKER/LOCATER V2.10                                                        05/15/98  13:41:55  PAGE 22


  C:19F8H         PUBLIC        t0_int
  C:0170H         PUBLIC        init_flow
  B:0098H.6       PUBLIC        SM1
  B:0098H.5       PUBLIC        SM2
  B:00B8H.4       PUBLIC        PS0
  C:13E2H         PUBLIC        flow_poll
  B:00B8H.1       PUBLIC        PT0
  B:00B8H.5       PUBLIC        PS1
  B:00B8H.3       PUBLIC        PT1
  B:00B8H.6       PUBLIC        PAD
  B:00D0H.3       PUBLIC        RS0
  B:00F8H.7       PUBLIC        PT2
  B:0088H.4       PUBLIC        TR0
  B:00D0H.4       PUBLIC        RS1
  B:0088H.6       PUBLIC        TR1
  B:00B8H.0       PUBLIC        PX0
  B:00B8H.2       PUBLIC        PX1
  X:75E2H         PUBLIC        ce_time
  C:17E5H         PUBLIC        coldboot
  B:0022H.1       PUBLIC        ui_flag
  X:75E6H         PUBLIC        ce_boot
  C:1832H         PUBLIC        init_ce
  C:1974H         PUBLIC        p_1ms
  C:1209H         PUBLIC        p_phase
  C:133BH         PUBLIC        flow_upd
  X:75E8H         PUBLIC        ce_din
  B:0098H.4       PUBLIC        REN
  X:75E9H         PUBLIC        ce_man
  X:75EAH         PUBLIC        ce_dout
  X:75EBH         PUBLIC        ce_stat
  B:00D8H.5       PUBLIC        STA
  C:0019H         PUBLIC        _ce_d
  X:75ECH         PUBLIC        ce_lll
  B:00B0H.0       PUBLIC        RXD
  X:75EDH         PUBLIC        pre_db
  X:75F1H         PUBLIC        ce_cos
  B:00B0H.1       PUBLIC        TXD
  X:75F2H         PUBLIC        pre_ce
  B:0022H.2       PUBLIC        f_pulse
  X:75F3H         PUBLIC        ce_sin
  B:00D0H.5       PUBLIC        F0
  C:1715H         PUBLIC        p_water
  B:00D8H.4       PUBLIC        STO
  C:185DH         PUBLIC        p_mode
  X:75F4H         PUBLIC        t_litre
  C:1261H         PUBLIC        p_overl
  I:0040H         PUBLIC        pf_cnt
  -------         PROC          _CE_D
  D:0007H         SYMBOL        out
  C:0019H         LINE#         49
  C:0019H         LINE#         50
  C:0019H         LINE#         51
  C:0022H         LINE#         52
  -------         ENDPROC       _CE_D
  -------         PROC          _CE_DSET
  D:0007H         SYMBOL        msk
  C:0044H         LINE#         54
BL51 BANKED LINKER/LOCATER V2.10                                                        05/15/98  13:41:55  PAGE 23


  C:0044H         LINE#         55
  C:0044H         LINE#         56
  C:004FH         LINE#         57
  -------         ENDPROC       _CE_DSET
  -------         PROC          _CE_DCLR
  D:0007H         SYMBOL        msk
  C:018DH         LINE#         59
  C:018DH         LINE#         60
  C:018DH         LINE#         61
  C:019DH         LINE#         62
  -------         ENDPROC       _CE_DCLR
  -------         PROC          _CE_DTOG
  D:0005H         SYMBOL        msk
  C:11F4H         LINE#         64
  C:11F6H         LINE#         65
  C:11F6H         LINE#         66
  C:11FDH         LINE#         67
  C:1203H         LINE#         68
  C:1208H         LINE#         69
  -------         ENDPROC       _CE_DTOG
  -------         PROC          P_PHASE
  C:1209H         LINE#         71
  C:1209H         LINE#         72
  C:1209H         LINE#         73
  C:1210H         LINE#         74
  C:1213H         LINE#         75
  C:121BH         LINE#         76
  C:121BH         LINE#         77
  C:1233H         LINE#         78
  C:123AH         LINE#         79
  C:1252H         LINE#         80
  C:1259H         LINE#         81
  C:1260H         LINE#         82
  C:1260H         LINE#         83
  -------         ENDPROC       P_PHASE
  -------         PROC          P_OVERL
  C:1261H         LINE#         85
  C:1261H         LINE#         86
  C:1261H         LINE#         87
  C:1268H         LINE#         88
  C:126BH         LINE#         89
  C:1273H         LINE#         90
  C:1273H         LINE#         91
  C:128BH         LINE#         92
  C:1292H         LINE#         93
  C:12AAH         LINE#         94
  C:12B1H         LINE#         95
  C:12B8H         LINE#         96
  C:12B8H         LINE#         97
  -------         ENDPROC       P_OVERL
  -------         PROC          P_SIG
  C:12B9H         LINE#         99
  C:12B9H         LINE#         100
  C:12B9H         LINE#         101
  C:12D2H         LINE#         102
  C:12D2H         LINE#         103
  C:12D2H         LINE#         104
BL51 BANKED LINKER/LOCATER V2.10                                                        05/15/98  13:41:55  PAGE 24


  C:12DAH         LINE#         105
  C:12DAH         LINE#         106
  C:12E0H         LINE#         107
  C:12E2H         LINE#         108
  C:12E2H         LINE#         109
  C:12EAH         LINE#         110
  C:12EAH         LINE#         111
  C:12EFH         LINE#         112
  C:12F1H         LINE#         113
  C:12F1H         LINE#         114
  C:12F6H         LINE#         115
  C:12F8H         LINE#         116
  C:12F8H         LINE#         117
  C:12FDH         LINE#         118
  C:12FFH         LINE#         119
  C:12FFH         LINE#         120
  C:1304H         LINE#         121
  C:1306H         LINE#         122
  C:1306H         LINE#         123
  C:1310H         LINE#         124
  C:1310H         LINE#         125
  C:1310H         LINE#         126
  C:1310H         LINE#         127
  C:1315H         LINE#         128
  -------         ENDPROC       P_SIG
  -------         PROC          _CE_SIG
  D:0007H         SYMBOL        in
  C:0003H         LINE#         130
  C:0003H         LINE#         131
  C:0003H         LINE#         132
  C:0008H         LINE#         133
  -------         ENDPROC       _CE_SIG
  -------         PROC          INIT_FLOW
  C:0170H         LINE#         23
  C:0170H         LINE#         24
  C:0170H         LINE#         25
  C:017CH         LINE#         26
  -------         ENDPROC       INIT_FLOW
  -------         PROC          _CE_SFLOW
  D:0007H         SYMBOL        in
  C:1316H         LINE#         28
  C:1316H         LINE#         29
  C:1316H         LINE#         30
  C:1332H         LINE#         31
  C:1332H         LINE#         32
  C:1337H         LINE#         33
  C:1339H         LINE#         34
  C:1339H         LINE#         35
  C:133AH         LINE#         36
  -------         ENDPROC       _CE_SFLOW
  -------         PROC          FLOW_UPD
  C:133BH         LINE#         38
  C:133BH         LINE#         39
  C:133BH         LINE#         40
  C:1359H         LINE#         41
  C:1363H         LINE#         42
  C:1379H         LINE#         43
BL51 BANKED LINKER/LOCATER V2.10                                                        05/15/98  13:41:55  PAGE 25


  C:1379H         LINE#         44
  C:139FH         LINE#         46
  C:13A1H         LINE#         47
  C:13B9H         LINE#         48
  C:13C5H         LINE#         49
  C:13E1H         LINE#         50
  -------         ENDPROC       FLOW_UPD
  -------         PROC          FLOW_POLL
  C:13E2H         LINE#         52
  C:13E2H         LINE#         53
  C:13E2H         LINE#         54
  C:13E5H         LINE#         55
  C:13E5H         LINE#         56
  C:13E8H         LINE#         57
  C:13E8H         LINE#         58
  C:13EAH         LINE#         59
  C:13EDH         LINE#         60
  C:13F7H         LINE#         61
  C:13F8H         LINE#         63
  C:13F8H         LINE#         64
  C:1406H         LINE#         65
  C:140AH         LINE#         66
  C:140AH         LINE#         67
  C:140BH         LINE#         69
  C:140BH         LINE#         70
  C:140EH         LINE#         71
  C:140EH         LINE#         72
  C:1410H         LINE#         73
  C:141AH         LINE#         74
  C:141BH         LINE#         76
  C:141BH         LINE#         77
  C:1429H         LINE#         78
  C:142DH         LINE#         79
  C:142DH         LINE#         81
  C:142DH         LINE#         82
  -------         ENDPROC       FLOW_POLL
  -------         PROC          P_VALV
  C:142EH         LINE#         22
  C:142EH         LINE#         23
  C:142EH         LINE#         24
  C:1436H         LINE#         25
  C:145EH         LINE#         26
  C:145EH         LINE#         27
  C:145EH         LINE#         28
  C:145EH         LINE#         29
  C:145EH         LINE#         30
  C:1480H         LINE#         31
  C:1480H         LINE#         32
  C:1485H         LINE#         33
  C:148BH         LINE#         34
  C:148BH         LINE#         35
  C:148CH         LINE#         36
  C:148CH         LINE#         37
  C:14A5H         LINE#         38
  C:14A5H         LINE#         39
  C:14AAH         LINE#         40
  C:14AFH         LINE#         41
BL51 BANKED LINKER/LOCATER V2.10                                                        05/15/98  13:41:55  PAGE 26


  C:14AFH         LINE#         42
  C:14B0H         LINE#         43
  C:14B0H         LINE#         44
  C:14BDH         LINE#         45
  C:14BDH         LINE#         46
  C:14C2H         LINE#         47
  C:14C8H         LINE#         48
  C:14C8H         LINE#         49
  C:14C9H         LINE#         50
  C:14C9H         LINE#         51
  C:14D6H         LINE#         52
  C:14D6H         LINE#         53
  C:14DBH         LINE#         54
  C:14E1H         LINE#         55
  C:14E1H         LINE#         56
  C:14E2H         LINE#         57
  C:14E2H         LINE#         58
  C:14F0H         LINE#         59
  C:14F0H         LINE#         60
  C:14F9H         LINE#         61
  C:14F9H         LINE#         62
  C:14FEH         LINE#         63
  C:1503H         LINE#         64
  C:1509H         LINE#         65
  C:150EH         LINE#         66
  C:150EH         LINE#         67
  C:1527H         LINE#         68
  C:1527H         LINE#         69
  C:1530H         LINE#         70
  C:1530H         LINE#         71
  C:1535H         LINE#         72
  C:153AH         LINE#         73
  C:1540H         LINE#         74
  C:1546H         LINE#         75
  C:1546H         LINE#         76
  C:1547H         LINE#         77
  C:1547H         LINE#         78
  C:154CH         LINE#         79
  C:154DH         LINE#         80
  C:154DH         LINE#         81
  C:1552H         LINE#         82
  C:1557H         LINE#         83
  C:1557H         LINE#         84
  C:1557H         LINE#         85
  -------         ENDPROC       P_VALV
  -------         PROC          CALC_PRESS
  C:1558H         LINE#         30
  C:1558H         LINE#         31
  -------         DO            (NULL)
  X:75BBH         SYMBOL        p
  C:1558H         LINE#         33
  C:1561H         LINE#         34
  C:1567H         LINE#         36
  C:1567H         LINE#         37
  C:1579H         LINE#         38
  C:1593H         LINE#         39
  C:15ADH         LINE#         40
BL51 BANKED LINKER/LOCATER V2.10                                                        05/15/98  13:41:55  PAGE 27


  C:15BBH         LINE#         41
  C:15BBH         LINE#         42
  -------         ENDDO         (NULL)
  -------         ENDPROC       CALC_PRESS
  -------         PROC          P_PRESS
  C:15BCH         LINE#         44
  C:15BCH         LINE#         45
  C:15BCH         LINE#         46
  C:15C3H         LINE#         47
  C:15C8H         LINE#         48
  C:15CDH         LINE#         49
  C:15D5H         LINE#         50
  C:15D8H         LINE#         51
  C:15E3H         LINE#         52
  C:15E3H         LINE#         53
  C:15FBH         LINE#         54
  C:1604H         LINE#         55
  C:161CH         LINE#         56
  C:1623H         LINE#         57
  C:163DH         LINE#         58
  C:1646H         LINE#         59
  C:165EH         LINE#         60
  C:1665H         LINE#         61
  C:166FH         LINE#         62
  C:166FH         LINE#         63
  -------         ENDPROC       P_PRESS
  -------         PROC          _CE_SLLEV
  D:0007H         SYMBOL        in
  C:1670H         LINE#         22
  C:1670H         LINE#         23
  -------         DO            (NULL)
  D:0002H         SYMBOL        t
  C:1670H         LINE#         25
  C:168CH         LINE#         26
  C:168CH         LINE#         27
  C:1694H         LINE#         28
  C:16A1H         LINE#         29
  C:16A6H         LINE#         30
  C:16ACH         LINE#         31
  C:16AEH         LINE#         32
  C:16AEH         LINE#         33
  C:16AFH         LINE#         34
  -------         ENDDO         (NULL)
  -------         ENDPROC       _CE_SLLEV
  -------         PROC          CALC_LEVEL
  C:16B0H         LINE#         36
  C:16B0H         LINE#         37
  -------         DO            (NULL)
  X:75BFH         SYMBOL        f
  C:16B0H         LINE#         39
  C:16B9H         LINE#         40
  C:16C0H         LINE#         42
  C:16C0H         LINE#         43
  C:16D2H         LINE#         44
  C:16ECH         LINE#         45
  C:1706H         LINE#         46
  C:1714H         LINE#         47
BL51 BANKED LINKER/LOCATER V2.10                                                        05/15/98  13:41:55  PAGE 28


  C:1714H         LINE#         48
  -------         ENDDO         (NULL)
  -------         ENDPROC       CALC_LEVEL
  -------         PROC          P_WATER
  C:1715H         LINE#         50
  C:1715H         LINE#         51
  -------         DO            (NULL)
  X:75C3H         SYMBOL        w
  C:1715H         LINE#         53
  C:1725H         LINE#         54
  C:172DH         LINE#         55
  C:172DH         LINE#         56
  C:1740H         LINE#         57
  C:1749H         LINE#         58
  C:1749H         LINE#         59
  C:174FH         LINE#         60
  C:1756H         LINE#         61
  C:1758H         LINE#         62
  C:175FH         LINE#         63
  C:1768H         LINE#         64
  C:1768H         LINE#         65
  -------         ENDDO         (NULL)
  -------         ENDPROC       P_WATER
  -------         PROC          CE_RESET
  C:1769H         LINE#         48
  C:1769H         LINE#         49
  C:1769H         LINE#         50
  C:176EH         LINE#         51
  C:1773H         LINE#         52
  C:1778H         LINE#         53
  C:177CH         LINE#         54
  C:1780H         LINE#         55
  C:1784H         LINE#         56
  C:1788H         LINE#         57
  C:1792H         LINE#         58
  -------         ENDPROC       CE_RESET
  -------         PROC          START
  C:1793H         LINE#         60
  C:1793H         LINE#         61
  C:1793H         LINE#         62
  C:1799H         LINE#         63
  C:179DH         LINE#         64
  C:17A2H         LINE#         65
  C:17A7H         LINE#         66
  C:17AFH         LINE#         67
  C:17B4H         LINE#         68
  -------         ENDPROC       START
  -------         PROC          _STOP
  D:0005H         SYMBOL        next
  C:17B5H         LINE#         70
  C:17B7H         LINE#         71
  C:17B7H         LINE#         72
  C:17BCH         LINE#         73
  C:17C2H         LINE#         74
  C:17C7H         LINE#         75
  C:17CFH         LINE#         76
  C:17D4H         LINE#         77
BL51 BANKED LINKER/LOCATER V2.10                                                        05/15/98  13:41:55  PAGE 29


  C:17D9H         LINE#         78
  C:17DEH         LINE#         79
  C:17E4H         LINE#         80
  -------         ENDPROC       _STOP
  -------         PROC          COLDBOOT
  C:17E5H         LINE#         82
  C:17E5H         LINE#         83
  C:17E5H         LINE#         84
  C:17F3H         LINE#         85
  C:17F3H         LINE#         86
  C:17FDH         LINE#         87
  C:1800H         LINE#         88
  C:1802H         LINE#         89
  C:1802H         LINE#         90
  C:182BH         LINE#         91
  C:182BH         LINE#         92
  C:182EH         LINE#         93
  C:1830H         LINE#         94
  C:1830H         LINE#         95
  C:1831H         LINE#         96
  -------         ENDPROC       COLDBOOT
  -------         PROC          INIT_CE
  C:1832H         LINE#         98
  C:1832H         LINE#         99
  C:1832H         LINE#         100
  C:1837H         LINE#         101
  C:183DH         LINE#         102
  C:1840H         LINE#         103
  C:1843H         LINE#         104
  C:1845H         LINE#         105
  C:1848H         LINE#         106
  C:184AH         LINE#         107
  C:184DH         LINE#         108
  C:1853H         LINE#         109
  C:1857H         LINE#         110
  C:185CH         LINE#         111
  -------         ENDPROC       INIT_CE
  -------         PROC          P_MODE
  C:185DH         LINE#         113
  C:185DH         LINE#         114
  C:185DH         LINE#         115
  C:1865H         LINE#         116
  C:1865H         LINE#         117
  C:186DH         LINE#         118
  C:186DH         LINE#         119
  C:1872H         LINE#         120
  C:1879H         LINE#         121
  C:187EH         LINE#         122
  C:187EH         LINE#         123
  C:1880H         LINE#         124
  C:1880H         LINE#         125
  C:188FH         LINE#         126
  C:188FH         LINE#         127
  C:1895H         LINE#         128
  C:1895H         LINE#         129
  C:1897H         LINE#         130
  C:189CH         LINE#         131
BL51 BANKED LINKER/LOCATER V2.10                                                        05/15/98  13:41:55  PAGE 30


  C:189CH         LINE#         132
  C:189EH         LINE#         133
  C:189EH         LINE#         134
  C:18A1H         LINE#         135
  C:18A1H         LINE#         136
  C:18AAH         LINE#         137
  C:18AAH         LINE#         138
  C:18ADH         LINE#         139
  C:18B2H         LINE#         140
  C:18B8H         LINE#         141
  C:18BEH         LINE#         142
  C:18BEH         LINE#         143
  C:18C5H         LINE#         144
  C:18C5H         LINE#         145
  C:18CBH         LINE#         146
  C:18CBH         LINE#         147
  C:18CDH         LINE#         148
  C:18D3H         LINE#         149
  C:18D3H         LINE#         150
  C:18D5H         LINE#         152
  C:18D5H         LINE#         153
  C:18DBH         LINE#         154
  C:18DBH         LINE#         155
  C:18DDH         LINE#         156
  C:18E3H         LINE#         157
  C:18E3H         LINE#         158
  C:18E3H         LINE#         159
  C:18E5H         LINE#         160
  C:18E5H         LINE#         161
  C:18EDH         LINE#         162
  C:18EDH         LINE#         163
  C:18F0H         LINE#         164
  C:18F6H         LINE#         165
  C:18F6H         LINE#         166
  C:18F7H         LINE#         167
  -------         ENDPROC       P_MODE
  -------         PROC          P_ALRM
  C:18F8H         LINE#         169
  C:18F8H         LINE#         170
  C:18F8H         LINE#         171
  C:18FAH         LINE#         172
  C:1902H         LINE#         173
  C:1905H         LINE#         174
  C:1908H         LINE#         175
  C:190BH         LINE#         176
  C:190EH         LINE#         177
  C:1910H         LINE#         178
  -------         ENDPROC       P_ALRM
  -------         PROC          P_CE
  C:1911H         LINE#         180
  C:1911H         LINE#         181
  C:1911H         LINE#         182
  C:1914H         LINE#         183
  C:1919H         LINE#         185
  C:192EH         LINE#         186
  C:192EH         LINE#         187
  C:192EH         LINE#         188
BL51 BANKED LINKER/LOCATER V2.10                                                        05/15/98  13:41:55  PAGE 31


  C:1934H         LINE#         189
  C:1937H         LINE#         190
  C:1938H         LINE#         191
  C:1938H         LINE#         192
  C:193FH         LINE#         193
  C:1945H         LINE#         194
  C:194BH         LINE#         195
  C:1950H         LINE#         196
  C:1951H         LINE#         197
  C:1951H         LINE#         198
  C:1957H         LINE#         199
  C:195CH         LINE#         200
  C:195DH         LINE#         201
  C:195DH         LINE#         202
  C:1963H         LINE#         203
  C:1967H         LINE#         204
  C:1968H         LINE#         205
  C:1968H         LINE#         206
  C:196DH         LINE#         207
  C:196EH         LINE#         208
  C:196EH         LINE#         209
  C:1973H         LINE#         210
  C:1973H         LINE#         211
  -------         ENDPROC       P_CE
  -------         PROC          P_1MS
  C:1974H         LINE#         213
  C:1974H         LINE#         214
  C:1974H         LINE#         215
  C:198EH         LINE#         216
  C:1994H         LINE#         217
  C:1997H         LINE#         218
  C:199FH         LINE#         219
  C:199FH         LINE#         220
  C:19A1H         LINE#         221
  C:19A4H         LINE#         222
  C:19A4H         LINE#         223
  C:19B8H         LINE#         224
  C:19B8H         LINE#         225
  C:19BAH         LINE#         226
  C:19C4H         LINE#         227
  C:19C4H         LINE#         228
  C:19CBH         LINE#         229
  C:19CEH         LINE#         230
  C:19D4H         LINE#         231
  C:19D4H         LINE#         232
  C:19D7H         LINE#         234
  C:19DAH         LINE#         235
  C:19E2H         LINE#         236
  C:19E2H         LINE#         237
  C:19E5H         LINE#         238
  C:19EBH         LINE#         239
  C:19EBH         LINE#         240
  C:19F1H         LINE#         241
  C:19F1H         LINE#         242
  C:19F7H         LINE#         243
  -------         ENDPROC       P_1MS
  -------         PROC          T0_INT
BL51 BANKED LINKER/LOCATER V2.10                                                        05/15/98  13:41:55  PAGE 32


  C:19F8H         LINE#         245
  C:1A12H         LINE#         247
  C:1A15H         LINE#         248
  C:1A18H         LINE#         249
  C:1A20H         LINE#         250
  C:1A20H         LINE#         251
  C:1A23H         LINE#         252
  C:1A29H         LINE#         253
  C:1A29H         LINE#         254
  -------         ENDPROC       T0_INT
  -------         ENDMOD        CE

  -------         MODULE        ?C_FPMUL
  C:1F68H         PUBLIC        ?C_FPMUL
  -------         ENDMOD        ?C_FPMUL

  -------         MODULE        ?C_FPDIV
  C:1FE0H         PUBLIC        ?C_FPDIV
  C:1FDDH         PUBLIC        ?C_FPRDIV
  -------         ENDMOD        ?C_FPDIV

  -------         MODULE        ?C_FPCMP
  C:208FH         PUBLIC        ?C_FPCMP
  -------         ENDMOD        ?C_FPCMP

  -------         MODULE        ?C_FCAST
  C:20E0H         PUBLIC        ?C_FCASTL
  C:20E4H         PUBLIC        ?C_FCASTI
  C:20E8H         PUBLIC        ?C_FCASTC
  -------         ENDMOD        ?C_FCAST

  -------         MODULE        ?C_CASTF
  C:211CH         PUBLIC        ?C_CASTF
  C:211CH         PUBLIC        ?C_CASTF2
  -------         ENDMOD        ?C_CASTF

  -------         MODULE        PRINTF
  X:7842H         PUBLIC        ?_PRINTF?BYTE
  X:7842H         PUBLIC        ?_SPRINTF?BYTE
  C:2943H         PUBLIC        _PRINTF
  C:293DH         PUBLIC        _SPRINTF
  -------         ENDMOD        PRINTF

  -------         MODULE        ?C_LACC
  D:002AH         PUBLIC        ?C_LACC0
  D:0029H         PUBLIC        ?C_LACC1
  D:0028H         PUBLIC        ?C_LACC2
  D:0027H         PUBLIC        ?C_LACC3
  D:0031H         PUBLIC        ?C_FACTMP
  D:0029H         PUBLIC        ?C_FACMAN
  D:002BH         PUBLIC        ?C_FACEXP
  B:0021H.7       PUBLIC        ?C_FACSGN
  B:0021H.6       PUBLIC        ?C_FACBTM
  B:0021H.5       PUBLIC        ?C_FACBTM2
  D:0021H         PUBLIC        ?C_FACBIT
  B:0021H.3       PUBLIC        FPNANFLAG
  B:0021H.2       PUBLIC        FPOVERFLOW
BL51 BANKED LINKER/LOCATER V2.10                                                        05/15/98  13:41:55  PAGE 33


  B:0021H.1       PUBLIC        FPUNDERFLOW
  B:0021H.0       PUBLIC        FPERROR
  B:0021H.4       PUBLIC        ?C_FCMPFLAG
  -------         ENDMOD        ?C_LACC

  -------         MODULE        ?C_FPADD
  C:2267H         PUBLIC        ?C_FPADD
  C:227BH         PUBLIC        ?C_FPXSUB
  C:2263H         PUBLIC        ?C_FPSUB
  -------         ENDMOD        ?C_FPADD

  -------         MODULE        ?C_FPEQUATES
  N:0014H         PUBLIC        ?C_FPPRECISION
  -------         ENDMOD        ?C_FPEQUATES

  -------         MODULE        ?C_FPROUND
  C:2361H         PUBLIC        ?C_FPROUND
  -------         ENDMOD        ?C_FPROUND

  -------         MODULE        ?C_FPCONVERT
  C:239EH         PUBLIC        ?C_FPCONVERT
  -------         ENDMOD        ?C_FPCONVERT

  -------         MODULE        ?C_FTNPWR
  C:24EDH         PUBLIC        ?C_FTNPWR
  -------         ENDMOD        ?C_FTNPWR

  -------         MODULE        ?C_CLDPTR
  C:2529H         PUBLIC        ?C_CLDPTR
  -------         ENDMOD        ?C_CLDPTR

  -------         MODULE        ?C_CLDOPTR
  C:2544H         PUBLIC        ?C_CLDOPTR
  -------         ENDMOD        ?C_CLDOPTR

  -------         MODULE        ?C_CSTPTR
  C:2573H         PUBLIC        ?C_CSTPTR
  -------         ENDMOD        ?C_CSTPTR

  -------         MODULE        ?C_CSTOPTR
  C:2587H         PUBLIC        ?C_CSTOPTR
  -------         ENDMOD        ?C_CSTOPTR

  -------         MODULE        ?C_IMUL
  C:25ABH         PUBLIC        ?C_IMUL
  -------         ENDMOD        ?C_IMUL

  -------         MODULE        ?C_UIDIV
  C:25BFH         PUBLIC        ?C_UIDIV
  -------         ENDMOD        ?C_UIDIV

  -------         MODULE        ?C_IILDX
  C:2614H         PUBLIC        ?C_IILDX
  -------         ENDMOD        ?C_IILDX

  -------         MODULE        ?C_ILDIX
  C:262AH         PUBLIC        ?C_ILDIX
BL51 BANKED LINKER/LOCATER V2.10                                                        05/15/98  13:41:55  PAGE 34


  -------         ENDMOD        ?C_ILDIX

  -------         MODULE        ?C_LADD
  C:2640H         PUBLIC        ?C_LADD
  -------         ENDMOD        ?C_LADD

  -------         MODULE        ?C_LSUB
  C:2653H         PUBLIC        ?C_LSUB
  -------         ENDMOD        ?C_LSUB

  -------         MODULE        ?C_LMUL
  C:2667H         PUBLIC        ?C_LMUL
  -------         ENDMOD        ?C_LMUL

  -------         MODULE        ?C_ULDIV
  C:26C9H         PUBLIC        ?C_ULDIV
  -------         ENDMOD        ?C_ULDIV

  -------         MODULE        ?C_LXCH
  C:2713H         PUBLIC        ?C_LXCH
  -------         ENDMOD        ?C_LXCH

  -------         MODULE        ?C_LNEG
  C:2724H         PUBLIC        ?C_LNEG
  -------         ENDMOD        ?C_LNEG

  -------         MODULE        ?C_SLCMP
  C:2732H         PUBLIC        ?C_SLCMP
  -------         ENDMOD        ?C_SLCMP

  -------         MODULE        ?C_ULCMP
  C:275DH         PUBLIC        ?C_ULCMP
  -------         ENDMOD        ?C_ULCMP

  -------         MODULE        ?C_LLDXDATA
  C:2782H         PUBLIC        ?C_LLDXDATA
  -------         ENDMOD        ?C_LLDXDATA

  -------         MODULE        ?C_LILDXDATA
  C:278EH         PUBLIC        ?C_LILDXDATA
  -------         ENDMOD        ?C_LILDXDATA

  -------         MODULE        ?C_LSTXDATA
  C:27BAH         PUBLIC        ?C_LSTXDATA
  -------         ENDMOD        ?C_LSTXDATA

  -------         MODULE        ?C_LSTKXDATA
  C:27C6H         PUBLIC        ?C_LSTKXDATA
  -------         ENDMOD        ?C_LSTKXDATA

  -------         MODULE        ?C_OFFXADD
  C:27F7H         PUBLIC        ?C_OFFXADD
  -------         ENDMOD        ?C_OFFXADD

  -------         MODULE        ?C_PLDIXDATA
  C:2803H         PUBLIC        ?C_PLDIXDATA
  -------         ENDMOD        ?C_PLDIXDATA
BL51 BANKED LINKER/LOCATER V2.10                                                        05/15/98  13:41:55  PAGE 35



  -------         MODULE        ?C_PSTXDATA
  C:281AH         PUBLIC        ?C_PSTXDATA
  -------         ENDMOD        ?C_PSTXDATA

  -------         MODULE        ?C_XSTACK
  C:2823H         PUBLIC        ?C_LPUSH
  C:2854H         PUBLIC        ?C_LPULL
  C:285CH         PUBLIC        ?C_LSTKDEC
  -------         ENDMOD        ?C_XSTACK

  -------         MODULE        ?C_CCASE
  C:28AFH         PUBLIC        ?C_CCASE
  -------         ENDMOD        ?C_CCASE

  -------         MODULE        ?C_XSTACKD
  X:7872H         PUBLIC        ?C_ARGSTACK
  D:0033H         PUBLIC        ?C_DSTKLEVEL
  -------         ENDMOD        ?C_XSTACKD

LINK/LOCATE RUN COMPLETE.  0 WARNING(S),  0 ERROR(S)
